[kd1s.com/index.html]
[backblue.gif]
[fade.gif]
[index.html]
[cdn.mypanel.link/56cc9e/jiwglz2c1sunr5kf.png]
[cdn.mypanel.link/56cc9e/364rhxjkwb6dieje.css]
[cdn.mypanel.link/56cc9e/n8caepay1qb2q63d.css]
[cdn.mypanel.link/libs/bootstrap-datetimepicker/4.17.47/bootstrap-datetimepicker.min.css]
[cdn.mypanel.link/css/font-awesome/css/all.min.css]
[cdn.mypanel.link/global/c3gyq3shygmabbke.css]
[cdn.mypanel.link/56cc9e/ikpkqfo930o3mqzq.png]
[kd1s.com/sign-up.html]
[kd1s.com/services.html]
[kd1s.com/faq.html]
[kd1s.com/apikd1s.html]
[kd1s.com/contact.html]
[kd1s.com/zns.html]
[kd1s.com/terms.html]
[kd1s.com/about.html]
[kd1s.com/ku.html]
[kd1s.com/en.html]
[kd1s.com/resetpassword.html]
[kd1s.com/signup.html]
[cdn.mypanel.link/56cc9e/qhf21fpryxikuqjr.jpg]
[cdn.mypanel.link/56cc9e/3w4e1fompp5iexdq.jpg]
[cdn.mypanel.link/56cc9e/0oks4813k1ixzylx.jpg]
[cdn.mypanel.link/56cc9e/s9wr3bpinm6sr75y.jpg]
[cdn.mypanel.link/56cc9e/pqc22equi5rbfga2.jpg]
[cdn.mypanel.link/libs/jquery/1.12.4/jquery.min.js]
[cdn.mypanel.link/global/aknio8ec1fpphc0p.js]
[cdn.mypanel.link/global/nfos6j9mo1on7ksz.js]
[cdn.mypanel.link/global/5u31ot3h1tuupjl9.js]
[cdn.mypanel.link/global/6cpemo5rgp75dw40.js]
[cdn.mypanel.link/56cc9e/36zs6mhbmx34wcg4.js]
[kd1s.com/index.html]
[cdn.mypanel.link/56cc9e/54sgpo6eyf7ol3xm.js]
[cdn.mypanel.link/56cc9e/owl.video.play.png]
[cdn.mypanel.link/56cc9e/364rhxjkwb6dieje.css]
[cdn.mypanel.link/c7b27d/gbeuds2i5xngiuz0.png]
[cdn.mypanel.link/56cc9e/n8caepay1qb2q63d.css]
[cdn.mypanel.link/libs/bootstrap-datetimepicker/4.17.47/bootstrap-datetimepicker.min.css]
[cdn.mypanel.link/css/font-awesome/css/all.min.css]
[cdn.mypanel.link/global/c3gyq3shygmabbke.css]
[kd1s.com/services.html]
[www.google.com/recaptcha/api562e.js]
[kd1s.com/sign-up.html]
[kd1s.com/faq.html]
[kd1s.com/example.html]
[cdn.mypanel.link/c50d15/gmsrxp08y4t3sgdz.30.delayed]
[kd1s.com/apikd1s.html]
[kd1s.com/contact.html]
[kd1s.com/zns.html]
[kd1s.com/terms.html]
[cdn.mypanel.link/56cc9e/dgk45z5rnfud8ijf.jpg]
[kd1s.com/about.html]
[kd1s.com/ku/sign-up.html]
[kd1s.com/ku/faq.html]
[kd1s.com/ku/apikd1s.html]
[kd1s.com/ku/contact.html]
[kd1s.com/ku/services.html]
[kd1s.com/ku/zns.html]
[kd1s.com/ku/terms.html]
[kd1s.com/ku/about.html]
[kd1s.com/ku/resetpassword.html]
[kd1s.com/ku.html]
[kd1s.com/ku/signup.html]
[kd1s.com/en/sign-up.html]
[kd1s.com/en/faq.html]
[kd1s.com/en/apikd1s.html]
[kd1s.com/en/contact.html]
[kd1s.com/en/zns.html]
[kd1s.com/en/services.html]
[kd1s.com/en/terms.html]
[kd1s.com/en/about.html]
[kd1s.com/en/resetpassword.html]
[kd1s.com/en.html]
[kd1s.com/en/signup.html]
[kd1s.com/resetpassword.html]
[kd1s.com/signup.html]
[cdn.mypanel.link/56cc9e/owl.video.play.html]
[cdn.mypanel.link/c7b27d/gbeuds2i5xngiuz0.html]
[kd1s.com/example.html]
[cdn.mypanel.link/c50d15/gmsrxp08y4t3sgdz.html]
[kd1s.com/ku/services.html]
[www.google.com/recaptcha/api83e8.js]
[kd1s.com/ku/sign-up.html]
[kd1s.com/ku/faq.html]
[kd1s.com/ku/apikd1s.html]
[kd1s.com/ku/contact.html]
[kd1s.com/ku/zns.html]
[kd1s.com/ku/terms.html]
[kd1s.com/ku/about.html]
[kd1s.com/ku/resetpassword.html]
[kd1s.com/ku/signup.html]
[kd1s.com/en/services.html]
[www.google.com/recaptcha/apifef7.js]
[kd1s.com/en/sign-up.html]
[kd1s.com/en/faq.html]
[kd1s.com/en/apikd1s.html]
[kd1s.com/en/contact.html]
[kd1s.com/en/zns.html]
[kd1s.com/en/terms.html]
[kd1s.com/en/about.html]
[kd1s.com/en/resetpassword.html]
[kd1s.com/en/signup.html]
